// Jest Snapshot v1, https://goo.gl/fbAQLP

exports[`renders correctly 1`] = `
<Image
  style={
    Object {
      "opacity": 0,
      "transform": Array [
        Object {
          "scale": 0.85,
        },
      ],
    }
  }
/>
`;
