// Jest Snapshot v1, https://goo.gl/fbAQLP

exports[`renders correctly 1`] = `
<AIRMapMarker
  coordinate={
    Object {
      "category": "Normal",
      "id": 532,
      "last_change": 1581069175,
      "latitude": 49.902083584788116,
      "level": 0,
      "longitude": 10.899300950246912,
      "occupied": true,
      "parking_lot_id": 38,
      "reserved": false,
      "xml_id": 1,
    }
  }
  onPress={[Function]}
  stopPropagation={false}
  style={
    Array [
      Object {
        "backgroundColor": "transparent",
        "position": "absolute",
      },
      Object {
        "height": 50,
        "width": 50,
      },
    ]
  }
>
  <View
    style={
      Object {
        "alignItems": "center",
        "backgroundColor": "blue",
        "borderColor": "#FFF",
        "borderRadius": 10,
        "borderWidth": 1,
        "color": "white",
        "height": 40,
        "justifyContent": "center",
        "marginTop": 10,
        "position": "relative",
        "width": 40,
      }
    }
  >
    <Text />
    <RNSVGSvgView
      bbHeight={20}
      bbWidth={20}
      height={20}
      style={
        Array [
          Object {
            "backgroundColor": "transparent",
            "borderWidth": 0,
          },
          Object {
            "left": 27,
            "position": "absolute",
            "top": -8,
            "zIndex": 100,
          },
          Object {
            "opacity": 1,
          },
          Object {
            "flex": 0,
            "height": 20,
            "width": 20,
          },
        ]
      }
      width={20}
      xmlns="http://www.w3.org/2000/svg"
    >
      <RNSVGGroup
        fill={
          Array [
            0,
            4278190080,
          ]
        }
        fillOpacity={1}
        fillRule={1}
        font={Object {}}
        matrix={
          Array [
            1,
            0,
            0,
            1,
            0,
            0,
          ]
        }
        opacity={1}
        originX={0}
        originY={0}
        propList={Array []}
        rotation={0}
        scaleX={1}
        scaleY={1}
        skewX={0}
        skewY={0}
        stroke={null}
        strokeDasharray={null}
        strokeDashoffset={null}
        strokeLinecap={0}
        strokeLinejoin={0}
        strokeMiterlimit={4}
        strokeOpacity={1}
        strokeWidth={1}
        vectorEffect={0}
        x={0}
        y={0}
      >
        <RNSVGCircle
          cx="8"
          cy="8"
          fill={
            Array [
              0,
              4287688336,
            ]
          }
          fillOpacity={1}
          fillRule={1}
          matrix={
            Array [
              1,
              0,
              0,
              1,
              0,
              0,
            ]
          }
          opacity={1}
          originX={0}
          originY={0}
          propList={
            Array [
              "fill",
            ]
          }
          r="8"
          rotation={0}
          scaleX={1}
          scaleY={1}
          skewX={0}
          skewY={0}
          stroke={null}
          strokeDasharray={null}
          strokeDashoffset={null}
          strokeLinecap={0}
          strokeLinejoin={0}
          strokeMiterlimit={4}
          strokeOpacity={1}
          strokeWidth={1}
          vectorEffect={0}
          x={0}
          y={0}
        />
      </RNSVGGroup>
    </RNSVGSvgView>
  </View>
</AIRMapMarker>
`;
